[36m[1m
██████╗ ███████╗███████╗████████╗███████╗██╗   ██╗██████╗ 
██╔══██╗██╔════╝██╔════╝╚══██╔══╝██╔════╝██║   ██║██╔══██╗
██████╔╝█████╗  ███████╗   ██║   ███████╗██║   ██║██████╔╝
██╔══██╗██╔══╝  ╚════██║   ██║   ╚════██║██║   ██║██╔══██╗
██████╔╝███████╗███████║   ██║   ███████║╚██████╔╝██████╔╝
╚═════╝ ╚══════╝╚══════╝   ╚═╝   ╚══════╝ ╚═════╝ ╚═════╝ 
[0m[34m[1m        🚀 BESTSUB - Best Sub, Best for Your Net
[0m[2m────────────────────────────────────────────────────────────
[0m[2mVersion:    [0m [32mv2.0.5[0m
[2mCommit:     [0m [33m79ba85e[0m
[2mBuild Time: [0m [34m2026-08-31 13:44:03 +0800[0m
[2mBuilt By:   [0m [35mbestrui[0m
[2mRepo:       [0m [36mhttps://github.com/bestruirui/bestsub[0m
[2m════════════════════════════════════════════════════════════
[0m2026/09/01 09:47:34 INFO <conf/config.go:48> Using config file: /Users/erkoliu/Documents/github/BestSub2/runtime/data/config.json
2026/09/01 09:47:34 INFO <cmd/start.go:96> http server listening on http://0.0.0.0:8080
[36m[1m
██████╗ ███████╗███████╗████████╗███████╗██╗   ██╗██████╗ 
██╔══██╗██╔════╝██╔════╝╚══██╔══╝██╔════╝██║   ██║██╔══██╗
██████╔╝█████╗  ███████╗   ██║   ███████╗██║   ██║██████╔╝
██╔══██╗██╔══╝  ╚════██║   ██║   ╚════██║██║   ██║██╔══██╗
██████╔╝███████╗███████║   ██║   ███████║╚██████╔╝██████╔╝
╚═════╝ ╚══════╝╚══════╝   ╚═╝   ╚══════╝ ╚═════╝ ╚═════╝ 
[0m[34m[1m        🚀 BESTSUB - Best Sub, Best for Your Net
[0m[2m────────────────────────────────────────────────────────────
[0m[2mVersion:    [0m [32mv2.0.5[0m
[2mCommit:     [0m [33m79ba85e[0m
[2mBuild Time: [0m [34m2026-08-31 13:44:03 +0800[0m
[2mBuilt By:   [0m [35mbestrui[0m
[2mRepo:       [0m [36mhttps://github.com/bestruirui/bestsub[0m
[2m════════════════════════════════════════════════════════════
[0m2026/09/01 09:52:03 INFO <conf/config.go:48> Using config file: /Users/erkoliu/Documents/github/BestSub2/runtime/data/config.json
2026/09/01 09:52:03 INFO <cmd/start.go:96> http server listening on http://0.0.0.0:8080
[36m[1m
██████╗ ███████╗███████╗████████╗███████╗██╗   ██╗██████╗ 
██╔══██╗██╔════╝██╔════╝╚══██╔══╝██╔════╝██║   ██║██╔══██╗
██████╔╝█████╗  ███████╗   ██║   ███████╗██║   ██║██████╔╝
██╔══██╗██╔══╝  ╚════██║   ██║   ╚════██║██║   ██║██╔══██╗
██████╔╝███████╗███████║   ██║   ███████║╚██████╔╝██████╔╝
╚═════╝ ╚══════╝╚══════╝   ╚═╝   ╚══════╝ ╚═════╝ ╚═════╝ 
[0m[34m[1m        🚀 BESTSUB - Best Sub, Best for Your Net
[0m[2m────────────────────────────────────────────────────────────
[0m[2mVersion:    [0m [32mv2.0.5[0m
[2mCommit:     [0m [33m79ba85e[0m
[2mBuild Time: [0m [34m2026-08-31 13:44:03 +0800[0m
[2mBuilt By:   [0m [35mbestrui[0m
[2mRepo:       [0m [36mhttps://github.com/bestruirui/bestsub[0m
[2m════════════════════════════════════════════════════════════
[0m2026/09/01 09:53:35 INFO <conf/config.go:48> Using config file: /Users/erkoliu/Documents/github/BestSub2/runtime/data/config.json
2026/09/01 09:53:35 INFO <cmd/start.go:96> http server listening on http://0.0.0.0:8080
[36m[1m
██████╗ ███████╗███████╗████████╗███████╗██╗   ██╗██████╗ 
██╔══██╗██╔════╝██╔════╝╚══██╔══╝██╔════╝██║   ██║██╔══██╗
██████╔╝█████╗  ███████╗   ██║   ███████╗██║   ██║██████╔╝
██╔══██╗██╔══╝  ╚════██║   ██║   ╚════██║██║   ██║██╔══██╗
██████╔╝███████╗███████║   ██║   ███████║╚██████╔╝██████╔╝
╚═════╝ ╚══════╝╚══════╝   ╚═╝   ╚══════╝ ╚═════╝ ╚═════╝ 
[0m[34m[1m        🚀 BESTSUB - Best Sub, Best for Your Net
[0m[2m────────────────────────────────────────────────────────────
[0m[2mVersion:    [0m [32mv2.0.5[0m
[2mCommit:     [0m [33m79ba85e[0m
[2mBuild Time: [0m [34m2026-08-31 13:44:03 +0800[0m
[2mBuilt By:   [0m [35mbestrui[0m
[2mRepo:       [0m [36mhttps://github.com/bestruirui/bestsub[0m
[2m════════════════════════════════════════════════════════════
[0m2026/09/01 09:57:30 INFO <conf/config.go:48> Using config file: /Users/erkoliu/Documents/github/BestSub2/runtime/data/config.json
2026/09/01 09:57:30 INFO <cmd/start.go:96> http server listening on http://0.0.0.0:8080
